{
  "version": "1.0.0-*",
  "buildOptions": {
    "emitEntryPoint": true,
    "debugType": "portable"
  },
  "dependencies": {
    "Microsoft.NETCore.App": {
      "type": "platform",
      "version": "1.0.0-rc2-3002702"
    },
    "library": {
      "target": "project"
    }
  },
  "frameworks": {
    "netcoreapp1.0": {
      "imports": "dnxcore50"
    }
  }
}
